// Jest Snapshot v1, https://goo.gl/fbAQLP

exports[`Footer component it should mock the context and render correctly 1`] = `
<styled.footer>
  <div>
    FOOTER
  </div>
</styled.footer>
`;

exports[`Footer component it should styled correctly 1`] = `
.c0 {
  padding: 16px;
  background: #607d8b;
  grid-column: span 2;
  display: -webkit-box;
  display: -webkit-flex;
  display: -ms-flexbox;
  display: flex;
  -webkit-box-pack: center;
  -webkit-justify-content: center;
  -ms-flex-pack: center;
  justify-content: center;
}

<footer
  className="c0"
/>
`;
